[dotenv@17.3.0] injecting env (0) from .env.local -- tip: ⚡️ secrets for agents: https://dotenvx.com/as2
Bulk archived route (global fetch + per-client attach) — statuses=archived dryRun=false tags=1 conc=16

Client order (fastest-first): ABM✓

Fetching 10 campaigns across 1 client(s) at conc=16…


  ABM: 67,966 distinct · B2B(outboundhero)=60,520 B2C(cleaningoutbound)=7,446 · attaching…
[outboundhero:outboundhero] attach-leads response (campaign 704, requested 1000, parsed attached=unknown): {"data":{"success":true,"message":"Leads successfully added to ABM: Outlook [Nurture] (Cleaning Client). Existing leads were not added.","note":null}}
[outboundhero:outboundhero] attach-leads response (campaign 704, requested 1000, parsed attached=unknown): {"data":{"success":true,"message":"Leads successfully added to ABM: Outlook [Nurture] (Cleaning Client). Existing leads were not added.","note":null}}
[outboundhero:outboundhero] attach-leads response (campaign 704, requested 1000, parsed attached=unknown): {"data":{"success":true,"message":"Leads successfully added to ABM: Outlook [Nurture] (Cleaning Client). Existing leads were not added.","note":null}}
[outboundhero:outboundhero] attach-leads response (campaign 704, requested 1000, parsed attached=unknown): {"data":{"success":true,"message":"Leads successfully added to ABM: Outlook [Nurture] (Cleaning Client). Existing leads were not added.","note":null}}
[outboundhero:outboundhero] attach-leads response (campaign 704, requested 1000, parsed attached=unknown): {"data":{"success":true,"message":"Leads successfully added to ABM: Outlook [Nurture] (Cleaning Client). Existing leads were not added.","note":null}}
[outboundhero:outboundhero] attach-leads response (campaign 704, requested 1000, parsed attached=unknown): {"data":{"success":true,"message":"Leads successfully added to ABM: Outlook [Nurture] (Cleaning Client). Existing leads were not added.","note":null}}
[outboundhero:outboundhero] attach-leads response (campaign 704, requested 1000, parsed attached=unknown): {"data":{"success":true,"message":"Leads successfully added to ABM: Outlook [Nurture] (Cleaning Client). Existing leads were not added.","note":null}}
[outboundhero:outboundhero] attach-leads response (campaign 704, requested 1000, parsed attached=unknown): {"data":{"success":true,"message":"Leads successfully added to ABM: Outlook [Nurture] (Cleaning Client). Existing leads were not added.","note":null}}
[outboundhero:outboundhero] attach-leads response (campaign 704, requested 1000, parsed attached=unknown): {"data":{"success":true,"message":"Leads successfully added to ABM: Outlook [Nurture] (Cleaning Client). Existing leads were not added.","note":null}}
[outboundhero:outboundhero] attach-leads response (campaign 704, requested 1000, parsed attached=unknown): {"data":{"success":true,"message":"Leads successfully added to ABM: Outlook [Nurture] (Cleaning Client). Existing leads were not added.","note":null}}
[outboundhero:outboundhero] attach-leads response (campaign 704, requested 1000, parsed attached=unknown): {"data":{"success":true,"message":"Leads successfully added to ABM: Outlook [Nurture] (Cleaning Client). Existing leads were not added.","note":null}}
[outboundhero:outboundhero] attach-leads response (campaign 704, requested 1000, parsed attached=unknown): {"data":{"success":true,"message":"Leads successfully added to ABM: Outlook [Nurture] (Cleaning Client). Existing leads were not added.","note":null}}
  [20s] campaigns 10/10 (0 in-flight) · fetched 0 (0/s) · distinct 67,966
[outboundhero:outboundhero] attach-leads response (campaign 704, requested 1000, parsed attached=unknown): {"data":{"success":true,"message":"Leads successfully added to ABM: Outlook [Nurture] (Cleaning Client). Existing leads were not added.","note":null}}
[outboundhero:outboundhero] attach-leads response (campaign 704, requested 1000, parsed attached=unknown): {"data":{"success":true,"message":"Leads successfully added to ABM: Outlook [Nurture] (Cleaning Client). Existing leads were not added.","note":null}}
[outboundhero:outboundhero] attach-leads response (campaign 704, requested 1000, parsed attached=unknown): {"data":{"success":true,"message":"Leads successfully added to ABM: Outlook [Nurture] (Cleaning Client). Existing leads were not added.","note":null}}
[outboundhero:outboundhero] attach-leads response (campaign 704, requested 1000, parsed attached=unknown): {"data":{"success":true,"message":"Leads successfully added to ABM: Outlook [Nurture] (Cleaning Client). Existing leads were not added.","note":null}}
[outboundhero:outboundhero] attach-leads response (campaign 704, requested 1000, parsed attached=unknown): {"data":{"success":true,"message":"Leads successfully added to ABM: Outlook [Nurture] (Cleaning Client). Existing leads were not added.","note":null}}
[outboundhero:outboundhero] attach-leads response (campaign 704, requested 1000, parsed attached=unknown): {"data":{"success":true,"message":"Leads successfully added to ABM: Outlook [Nurture] (Cleaning Client). Existing leads were not added.","note":null}}
[outboundhero:outboundhero] attach-leads response (campaign 704, requested 1000, parsed attached=unknown): {"data":{"success":true,"message":"Leads successfully added to ABM: Outlook [Nurture] (Cleaning Client). Existing leads were not added.","note":null}}
[outboundhero:outboundhero] attach-leads response (campaign 704, requested 1000, parsed attached=unknown): {"data":{"success":true,"message":"Leads successfully added to ABM: Outlook [Nurture] (Cleaning Client). Existing leads were not added.","note":null}}
[outboundhero:outboundhero] attach-leads response (campaign 704, requested 1000, parsed attached=unknown): {"data":{"success":true,"message":"Leads successfully added to ABM: Outlook [Nurture] (Cleaning Client). Existing leads were not added.","note":null}}
[outboundhero:outboundhero] attach-leads response (campaign 704, requested 1000, parsed attached=unknown): {"data":{"success":true,"message":"Leads successfully added to ABM: Outlook [Nurture] (Cleaning Client). Existing leads were not added.","note":null}}
[outboundhero:outboundhero] attach-leads response (campaign 704, requested 1000, parsed attached=unknown): {"data":{"success":true,"message":"Leads successfully added to ABM: Outlook [Nurture] (Cleaning Client). Existing leads were not added.","note":null}}
[outboundhero:outboundhero] attach-leads response (campaign 704, requested 1000, parsed attached=unknown): {"data":{"success":true,"message":"Leads successfully added to ABM: Outlook [Nurture] (Cleaning Client). Existing leads were not added.","note":null}}
[outboundhero:outboundhero] attach-leads response (campaign 704, requested 1000, parsed attached=unknown): {"data":{"success":true,"message":"Leads successfully added to ABM: Outlook [Nurture] (Cleaning Client). Existing leads were not added.","note":null}}
  [40s] campaigns 10/10 (0 in-flight) · fetched 0 (0/s) · distinct 67,966
[outboundhero:outboundhero] attach-leads response (campaign 704, requested 1000, parsed attached=unknown): {"data":{"success":true,"message":"Leads successfully added to ABM: Outlook [Nurture] (Cleaning Client). Existing leads were not added.","note":null}}
[outboundhero:outboundhero] attach-leads response (campaign 704, requested 593, parsed attached=unknown): {"data":{"success":true,"message":"Leads successfully added to ABM: Outlook [Nurture] (Cleaning Client). Existing leads were not added.","note":null}}
    ✓ [41s] 26,593 → campaign #704
  [60s] campaigns 10/10 (0 in-flight) · fetched 0 (0/s) · distinct 67,966
[outboundhero:cleaningoutbound] attach-leads response (campaign 25, requested 882, parsed attached=unknown): {"data":{"success":true,"message":"Leads successfully added to ABM: Outlook [Nurture] (Cleaning Client). Existing leads were not added.","note":null}}
    ✓ [66s] 882 → campaign #25
[outboundhero:outboundhero] attach-leads response (campaign 896, requested 1000, parsed attached=unknown): {"data":{"success":true,"message":"Leads successfully added to ABM: Google + Custom [Nurture] (Cleaning Client). Existing leads were not added.","note":null}}
[outboundhero:outboundhero] attach-leads response (campaign 896, requested 1000, parsed attached=unknown): {"data":{"success":true,"message":"Leads successfully added to ABM: Google + Custom [Nurture] (Cleaning Client). Existing leads were not added.","note":null}}
[outboundhero:outboundhero] attach-leads response (campaign 896, requested 1000, parsed attached=unknown): {"data":{"success":true,"message":"Leads successfully added to ABM: Google + Custom [Nurture] (Cleaning Client). Existing leads were not added.","note":null}}
[outboundhero:outboundhero] attach-leads response (campaign 896, requested 1000, parsed attached=unknown): {"data":{"success":true,"message":"Leads successfully added to ABM: Google + Custom [Nurture] (Cleaning Client). Existing leads were not added.","note":null}}
[outboundhero:outboundhero] attach-leads response (campaign 896, requested 1000, parsed attached=unknown): {"data":{"success":true,"message":"Leads successfully added to ABM: Google + Custom [Nurture] (Cleaning Client). Existing leads were not added.","note":null}}
[outboundhero:outboundhero] attach-leads response (campaign 896, requested 1000, parsed attached=unknown): {"data":{"success":true,"message":"Leads successfully added to ABM: Google + Custom [Nurture] (Cleaning Client). Existing leads were not added.","note":null}}
[outboundhero:outboundhero] attach-leads response (campaign 896, requested 1000, parsed attached=unknown): {"data":{"success":true,"message":"Leads successfully added to ABM: Google + Custom [Nurture] (Cleaning Client). Existing leads were not added.","note":null}}
  [80s] campaigns 10/10 (0 in-flight) · fetched 0 (0/s) · distinct 67,966
[outboundhero:outboundhero] attach-leads response (campaign 896, requested 1000, parsed attached=unknown): {"data":{"success":true,"message":"Leads successfully added to ABM: Google + Custom [Nurture] (Cleaning Client). Existing leads were not added.","note":null}}
[outboundhero:outboundhero] attach-leads response (campaign 896, requested 1000, parsed attached=unknown): {"data":{"success":true,"message":"Leads successfully added to ABM: Google + Custom [Nurture] (Cleaning Client). Existing leads were not added.","note":null}}
[outboundhero:outboundhero] attach-leads response (campaign 896, requested 1000, parsed attached=unknown): {"data":{"success":true,"message":"Leads successfully added to ABM: Google + Custom [Nurture] (Cleaning Client). Existing leads were not added.","note":null}}
[outboundhero:outboundhero] attach-leads response (campaign 896, requested 1000, parsed attached=unknown): {"data":{"success":true,"message":"Leads successfully added to ABM: Google + Custom [Nurture] (Cleaning Client). Existing leads were not added.","note":null}}
[outboundhero:outboundhero] attach-leads response (campaign 896, requested 1000, parsed attached=unknown): {"data":{"success":true,"message":"Leads successfully added to ABM: Google + Custom [Nurture] (Cleaning Client). Existing leads were not added.","note":null}}
[outboundhero:outboundhero] attach-leads response (campaign 896, requested 1000, parsed attached=unknown): {"data":{"success":true,"message":"Leads successfully added to ABM: Google + Custom [Nurture] (Cleaning Client). Existing leads were not added.","note":null}}
[outboundhero:outboundhero] attach-leads response (campaign 896, requested 1000, parsed attached=unknown): {"data":{"success":true,"message":"Leads successfully added to ABM: Google + Custom [Nurture] (Cleaning Client). Existing leads were not added.","note":null}}
[outboundhero:outboundhero] attach-leads response (campaign 896, requested 1000, parsed attached=unknown): {"data":{"success":true,"message":"Leads successfully added to ABM: Google + Custom [Nurture] (Cleaning Client). Existing leads were not added.","note":null}}
[outboundhero:outboundhero] attach-leads response (campaign 896, requested 1000, parsed attached=unknown): {"data":{"success":true,"message":"Leads successfully added to ABM: Google + Custom [Nurture] (Cleaning Client). Existing leads were not added.","note":null}}
[outboundhero:outboundhero] attach-leads response (campaign 896, requested 1000, parsed attached=unknown): {"data":{"success":true,"message":"Leads successfully added to ABM: Google + Custom [Nurture] (Cleaning Client). Existing leads were not added.","note":null}}
[outboundhero:outboundhero] attach-leads response (campaign 896, requested 1000, parsed attached=unknown): {"data":{"success":true,"message":"Leads successfully added to ABM: Google + Custom [Nurture] (Cleaning Client). Existing leads were not added.","note":null}}
[outboundhero:outboundhero] attach-leads response (campaign 896, requested 1000, parsed attached=unknown): {"data":{"success":true,"message":"Leads successfully added to ABM: Google + Custom [Nurture] (Cleaning Client). Existing leads were not added.","note":null}}
[outboundhero:outboundhero] attach-leads response (campaign 896, requested 1000, parsed attached=unknown): {"data":{"success":true,"message":"Leads successfully added to ABM: Google + Custom [Nurture] (Cleaning Client). Existing leads were not added.","note":null}}
[outboundhero:outboundhero] attach-leads response (campaign 896, requested 1000, parsed attached=unknown): {"data":{"success":true,"message":"Leads successfully added to ABM: Google + Custom [Nurture] (Cleaning Client). Existing leads were not added.","note":null}}
  [100s] campaigns 10/10 (0 in-flight) · fetched 0 (0/s) · distinct 67,966
[outboundhero:outboundhero] attach-leads response (campaign 896, requested 1000, parsed attached=unknown): {"data":{"success":true,"message":"Leads successfully added to ABM: Google + Custom [Nurture] (Cleaning Client). Existing leads were not added.","note":null}}
[outboundhero:outboundhero] attach-leads response (campaign 896, requested 1000, parsed attached=unknown): {"data":{"success":true,"message":"Leads successfully added to ABM: Google + Custom [Nurture] (Cleaning Client). Existing leads were not added.","note":null}}
[outboundhero:outboundhero] attach-leads response (campaign 896, requested 1000, parsed attached=unknown): {"data":{"success":true,"message":"Leads successfully added to ABM: Google + Custom [Nurture] (Cleaning Client). Existing leads were not added.","note":null}}
[outboundhero:outboundhero] attach-leads response (campaign 896, requested 1000, parsed attached=unknown): {"data":{"success":true,"message":"Leads successfully added to ABM: Google + Custom [Nurture] (Cleaning Client). Existing leads were not added.","note":null}}
[outboundhero:outboundhero] attach-leads response (campaign 896, requested 1000, parsed attached=unknown): {"data":{"success":true,"message":"Leads successfully added to ABM: Google + Custom [Nurture] (Cleaning Client). Existing leads were not added.","note":null}}
[outboundhero:outboundhero] attach-leads response (campaign 896, requested 1000, parsed attached=unknown): {"data":{"success":true,"message":"Leads successfully added to ABM: Google + Custom [Nurture] (Cleaning Client). Existing leads were not added.","note":null}}
[outboundhero:outboundhero] attach-leads response (campaign 896, requested 1000, parsed attached=unknown): {"data":{"success":true,"message":"Leads successfully added to ABM: Google + Custom [Nurture] (Cleaning Client). Existing leads were not added.","note":null}}
[outboundhero:outboundhero] attach-leads response (campaign 896, requested 1000, parsed attached=unknown): {"data":{"success":true,"message":"Leads successfully added to ABM: Google + Custom [Nurture] (Cleaning Client). Existing leads were not added.","note":null}}
[outboundhero:outboundhero] attach-leads response (campaign 896, requested 1000, parsed attached=unknown): {"data":{"success":true,"message":"Leads successfully added to ABM: Google + Custom [Nurture] (Cleaning Client). Existing leads were not added.","note":null}}
[outboundhero:outboundhero] attach-leads response (campaign 896, requested 1000, parsed attached=unknown): {"data":{"success":true,"message":"Leads successfully added to ABM: Google + Custom [Nurture] (Cleaning Client). Existing leads were not added.","note":null}}
[outboundhero:outboundhero] attach-leads response (campaign 896, requested 1000, parsed attached=unknown): {"data":{"success":true,"message":"Leads successfully added to ABM: Google + Custom [Nurture] (Cleaning Client). Existing leads were not added.","note":null}}
[outboundhero:outboundhero] attach-leads response (campaign 896, requested 1000, parsed attached=unknown): {"data":{"success":true,"message":"Leads successfully added to ABM: Google + Custom [Nurture] (Cleaning Client). Existing leads were not added.","note":null}}
[outboundhero:outboundhero] attach-leads response (campaign 896, requested 927, parsed attached=unknown): {"data":{"success":true,"message":"Leads successfully added to ABM: Google + Custom [Nurture] (Cleaning Client). Existing leads were not added.","note":null}}
    ✓ [119s] 33,927 → campaign #896
  [120s] campaigns 10/10 (0 in-flight) · fetched 0 (0/s) · distinct 67,966
  [140s] campaigns 10/10 (0 in-flight) · fetched 0 (0/s) · distinct 67,966
[outboundhero:cleaningoutbound] attach-leads response (campaign 23, requested 1000, parsed attached=unknown): {"data":{"success":true,"message":"Leads successfully added to ABM: Google [Nurture] (Cleaning Client). Existing leads were not added.","note":null}}
[outboundhero:cleaningoutbound] attach-leads response (campaign 23, requested 1000, parsed attached=unknown): {"data":{"success":true,"message":"Leads successfully added to ABM: Google [Nurture] (Cleaning Client). Existing leads were not added.","note":null}}
[outboundhero:cleaningoutbound] attach-leads response (campaign 23, requested 1000, parsed attached=unknown): {"data":{"success":true,"message":"Leads successfully added to ABM: Google [Nurture] (Cleaning Client). Existing leads were not added.","note":null}}
    ✓ [159s] 6,564 → campaign #23
  [160s] campaigns 10/10 (0 in-flight) · fetched 0 (0/s) · distinct 67,966
    outboundhero    B2B outlook → ABM: Outlook [Nurture] (Cleaning Client)   req= 26593 attached= 26593
    cleaningoutbound B2C outlook → ABM: Outlook [Nurture] (Cleaning Client)   req=   882 attached=   882
    outboundhero    B2B google  → ABM: Google + Custom [Nurture] (Cleaning C req= 33927 attached= 33927
    cleaningoutbound B2C google  → ABM: Google [Nurture] (Cleaning Client)    req=  6564 attached=  3000
  ✅ ABM: attached 64,402 of 67,966 distinct

══════ GRAND TOTAL ══════  distinct=67,966  attached=64,402
